gene	sample	sequence	num_hits	coverage	taxonomy
4.11.22seqs	one_hit_dupped	TTACGTTCACAATTACGTGAAGCTGGTGTTGAGTATAAAGTATACAAAAACACTATGGTA	1	1.08	
