gene	sample	sequence	num_hits	coverage	taxonomy
4.12.22seqs	two_hits_duplex	GATGGCGGTAAAGCCACTCCCGGCCCACCATTAGGTCCAGCAATCGGACCCCTAGGTATC	1	1.06	
4.11.22seqs	two_hits_duplex	TTACGTTCACAATTACGTGAAGCTGGTGTTGAGTATAAAGTATACAAAAACACTATGGTA	1	1.06	
