gene	sample	sequence	num_hits	coverage	taxonomy
4.12.22seqs	two_hits_dupped	GATGGCGGTAAAGCCACTCCCGGCCCACCATTAGGTCCAGCAATCGGACCCCTAGGTATC	1	1.04	
4.11.22seqs	two_hits_dupped	TTACGTTCACAATTACGTGAAGCTGGTGTTGAGTATAAAGTATACAAAAACACTATGGTA	1	1.04	
