gene	sample	sequence	num_hits	coverage	taxonomy
4.12.22seqs	two_hits	GATGGCGGTAAAGCCACTCCCGGCCCACCATTAGGTCCAGCAATCGGACCCCTAGGTATC	1	1.13	
4.11.22seqs	two_hits	TTACGTTCACAATTACGTGAAGCTGGTGTTGAGTATAAAGTATACAAAAACACTATGGTA	1	1.13	
